Copyright 1986-2020 Xilinx, Inc. All Rights Reserved.
------------------------------------------------------------------------------------------------
| Tool Version      : Vivado v.2020.2 (lin64) Build 3064766 Wed Nov 18 09:12:47 MST 2020
| Date              : Wed Sep  2 03:58:40 2026
| Host              : chips-rdp-stanis running 64-bit AlmaLinux release 8.10 (Cerulean Leopard)
| Command           : check_timing -file reports/carfield.check_timing.rpt
| Design            : carfield_top_xilinx
| Device            : xcvu9p-flga2104
| Speed File        : -2L  PRODUCTION 1.27 02-28-2020
| Temperature Grade : E
------------------------------------------------------------------------------------------------


check_timing report

Table of Contents
-----------------
1. checking no_clock (2250)
2. checking constant_clock (0)
3. checking pulse_width_clock (0)
4. checking unconstrained_internal_endpoints (474)
5. checking no_input_delay (1)
6. checking no_output_delay (1)
7. checking multiple_clock (3)
8. checking generated_clocks (0)
9. checking loops (0)
10. checking partial_input_delay (1)
11. checking partial_output_delay (0)
12. checking latch_loops (0)

1. checking no_clock (2250)
---------------------------
 There are 64 register/latch pins with no clock driven by root clock pin: i_carfield/i_cheshire_wrap/i_cheshire_soc/i_core_wrap/gen_multicore_hmr.i_cva6_hmr/gen_dmr_logic.gen_dmr_groups[0].i_dmr_ctrl/i_dmr_regs/u_checkpoint_addr/q_reg[0]/Q (HIGH)

 There are 64 register/latch pins with no clock driven by root clock pin: i_carfield/i_cheshire_wrap/i_cheshire_soc/i_core_wrap/gen_multicore_hmr.i_cva6_hmr/gen_dmr_logic.gen_dmr_groups[0].i_dmr_ctrl/i_dmr_regs/u_checkpoint_addr/q_reg[10]/Q (HIGH)

 There are 64 register/latch pins with no clock driven by root clock pin: i_carfield/i_cheshire_wrap/i_cheshire_soc/i_core_wrap/gen_multicore_hmr.i_cva6_hmr/gen_dmr_logic.gen_dmr_groups[0].i_dmr_ctrl/i_dmr_regs/u_checkpoint_addr/q_reg[11]/Q (HIGH)

 There are 64 register/latch pins with no clock driven by root clock pin: i_carfield/i_cheshire_wrap/i_cheshire_soc/i_core_wrap/gen_multicore_hmr.i_cva6_hmr/gen_dmr_logic.gen_dmr_groups[0].i_dmr_ctrl/i_dmr_regs/u_checkpoint_addr/q_reg[12]/Q (HIGH)

 There are 64 register/latch pins with no clock driven by root clock pin: i_carfield/i_cheshire_wrap/i_cheshire_soc/i_core_wrap/gen_multicore_hmr.i_cva6_hmr/gen_dmr_logic.gen_dmr_groups[0].i_dmr_ctrl/i_dmr_regs/u_checkpoint_addr/q_reg[13]/Q (HIGH)

 There are 64 register/latch pins with no clock driven by root clock pin: i_carfield/i_cheshire_wrap/i_cheshire_soc/i_core_wrap/gen_multicore_hmr.i_cva6_hmr/gen_dmr_logic.gen_dmr_groups[0].i_dmr_ctrl/i_dmr_regs/u_checkpoint_addr/q_reg[14]/Q (HIGH)

 There are 64 register/latch pins with no clock driven by root clock pin: i_carfield/i_cheshire_wrap/i_cheshire_soc/i_core_wrap/gen_multicore_hmr.i_cva6_hmr/gen_dmr_logic.gen_dmr_groups[0].i_dmr_ctrl/i_dmr_regs/u_checkpoint_addr/q_reg[15]/Q (HIGH)

 There are 64 register/latch pins with no clock driven by root clock pin: i_carfield/i_cheshire_wrap/i_cheshire_soc/i_core_wrap/gen_multicore_hmr.i_cva6_hmr/gen_dmr_logic.gen_dmr_groups[0].i_dmr_ctrl/i_dmr_regs/u_checkpoint_addr/q_reg[16]/Q (HIGH)

 There are 64 register/latch pins with no clock driven by root clock pin: i_carfield/i_cheshire_wrap/i_cheshire_soc/i_core_wrap/gen_multicore_hmr.i_cva6_hmr/gen_dmr_logic.gen_dmr_groups[0].i_dmr_ctrl/i_dmr_regs/u_checkpoint_addr/q_reg[17]/Q (HIGH)

 There are 64 register/latch pins with no clock driven by root clock pin: i_carfield/i_cheshire_wrap/i_cheshire_soc/i_core_wrap/gen_multicore_hmr.i_cva6_hmr/gen_dmr_logic.gen_dmr_groups[0].i_dmr_ctrl/i_dmr_regs/u_checkpoint_addr/q_reg[18]/Q (HIGH)

 There are 64 register/latch pins with no clock driven by root clock pin: i_carfield/i_cheshire_wrap/i_cheshire_soc/i_core_wrap/gen_multicore_hmr.i_cva6_hmr/gen_dmr_logic.gen_dmr_groups[0].i_dmr_ctrl/i_dmr_regs/u_checkpoint_addr/q_reg[19]/Q (HIGH)

 There are 64 register/latch pins with no clock driven by root clock pin: i_carfield/i_cheshire_wrap/i_cheshire_soc/i_core_wrap/gen_multicore_hmr.i_cva6_hmr/gen_dmr_logic.gen_dmr_groups[0].i_dmr_ctrl/i_dmr_regs/u_checkpoint_addr/q_reg[1]/Q (HIGH)

 There are 64 register/latch pins with no clock driven by root clock pin: i_carfield/i_cheshire_wrap/i_cheshire_soc/i_core_wrap/gen_multicore_hmr.i_cva6_hmr/gen_dmr_logic.gen_dmr_groups[0].i_dmr_ctrl/i_dmr_regs/u_checkpoint_addr/q_reg[20]/Q (HIGH)

 There are 64 register/latch pins with no clock driven by root clock pin: i_carfield/i_cheshire_wrap/i_cheshire_soc/i_core_wrap/gen_multicore_hmr.i_cva6_hmr/gen_dmr_logic.gen_dmr_groups[0].i_dmr_ctrl/i_dmr_regs/u_checkpoint_addr/q_reg[21]/Q (HIGH)

 There are 64 register/latch pins with no clock driven by root clock pin: i_carfield/i_cheshire_wrap/i_cheshire_soc/i_core_wrap/gen_multicore_hmr.i_cva6_hmr/gen_dmr_logic.gen_dmr_groups[0].i_dmr_ctrl/i_dmr_regs/u_checkpoint_addr/q_reg[22]/Q (HIGH)

 There are 64 register/latch pins with no clock driven by root clock pin: i_carfield/i_cheshire_wrap/i_cheshire_soc/i_core_wrap/gen_multicore_hmr.i_cva6_hmr/gen_dmr_logic.gen_dmr_groups[0].i_dmr_ctrl/i_dmr_regs/u_checkpoint_addr/q_reg[23]/Q (HIGH)

 There are 64 register/latch pins with no clock driven by root clock pin: i_carfield/i_cheshire_wrap/i_cheshire_soc/i_core_wrap/gen_multicore_hmr.i_cva6_hmr/gen_dmr_logic.gen_dmr_groups[0].i_dmr_ctrl/i_dmr_regs/u_checkpoint_addr/q_reg[24]/Q (HIGH)

 There are 64 register/latch pins with no clock driven by root clock pin: i_carfield/i_cheshire_wrap/i_cheshire_soc/i_core_wrap/gen_multicore_hmr.i_cva6_hmr/gen_dmr_logic.gen_dmr_groups[0].i_dmr_ctrl/i_dmr_regs/u_checkpoint_addr/q_reg[25]/Q (HIGH)

 There are 64 register/latch pins with no clock driven by root clock pin: i_carfield/i_cheshire_wrap/i_cheshire_soc/i_core_wrap/gen_multicore_hmr.i_cva6_hmr/gen_dmr_logic.gen_dmr_groups[0].i_dmr_ctrl/i_dmr_regs/u_checkpoint_addr/q_reg[26]/Q (HIGH)

 There are 64 register/latch pins with no clock driven by root clock pin: i_carfield/i_cheshire_wrap/i_cheshire_soc/i_core_wrap/gen_multicore_hmr.i_cva6_hmr/gen_dmr_logic.gen_dmr_groups[0].i_dmr_ctrl/i_dmr_regs/u_checkpoint_addr/q_reg[27]/Q (HIGH)

 There are 64 register/latch pins with no clock driven by root clock pin: i_carfield/i_cheshire_wrap/i_cheshire_soc/i_core_wrap/gen_multicore_hmr.i_cva6_hmr/gen_dmr_logic.gen_dmr_groups[0].i_dmr_ctrl/i_dmr_regs/u_checkpoint_addr/q_reg[28]/Q (HIGH)

 There are 64 register/latch pins with no clock driven by root clock pin: i_carfield/i_cheshire_wrap/i_cheshire_soc/i_core_wrap/gen_multicore_hmr.i_cva6_hmr/gen_dmr_logic.gen_dmr_groups[0].i_dmr_ctrl/i_dmr_regs/u_checkpoint_addr/q_reg[29]/Q (HIGH)

 There are 64 register/latch pins with no clock driven by root clock pin: i_carfield/i_cheshire_wrap/i_cheshire_soc/i_core_wrap/gen_multicore_hmr.i_cva6_hmr/gen_dmr_logic.gen_dmr_groups[0].i_dmr_ctrl/i_dmr_regs/u_checkpoint_addr/q_reg[2]/Q (HIGH)

 There are 64 register/latch pins with no clock driven by root clock pin: i_carfield/i_cheshire_wrap/i_cheshire_soc/i_core_wrap/gen_multicore_hmr.i_cva6_hmr/gen_dmr_logic.gen_dmr_groups[0].i_dmr_ctrl/i_dmr_regs/u_checkpoint_addr/q_reg[30]/Q (HIGH)

 There are 64 register/latch pins with no clock driven by root clock pin: i_carfield/i_cheshire_wrap/i_cheshire_soc/i_core_wrap/gen_multicore_hmr.i_cva6_hmr/gen_dmr_logic.gen_dmr_groups[0].i_dmr_ctrl/i_dmr_regs/u_checkpoint_addr/q_reg[31]/Q (HIGH)

 There are 64 register/latch pins with no clock driven by root clock pin: i_carfield/i_cheshire_wrap/i_cheshire_soc/i_core_wrap/gen_multicore_hmr.i_cva6_hmr/gen_dmr_logic.gen_dmr_groups[0].i_dmr_ctrl/i_dmr_regs/u_checkpoint_addr/q_reg[3]/Q (HIGH)

 There are 64 register/latch pins with no clock driven by root clock pin: i_carfield/i_cheshire_wrap/i_cheshire_soc/i_core_wrap/gen_multicore_hmr.i_cva6_hmr/gen_dmr_logic.gen_dmr_groups[0].i_dmr_ctrl/i_dmr_regs/u_checkpoint_addr/q_reg[4]/Q (HIGH)

 There are 64 register/latch pins with no clock driven by root clock pin: i_carfield/i_cheshire_wrap/i_cheshire_soc/i_core_wrap/gen_multicore_hmr.i_cva6_hmr/gen_dmr_logic.gen_dmr_groups[0].i_dmr_ctrl/i_dmr_regs/u_checkpoint_addr/q_reg[5]/Q (HIGH)

 There are 64 register/latch pins with no clock driven by root clock pin: i_carfield/i_cheshire_wrap/i_cheshire_soc/i_core_wrap/gen_multicore_hmr.i_cva6_hmr/gen_dmr_logic.gen_dmr_groups[0].i_dmr_ctrl/i_dmr_regs/u_checkpoint_addr/q_reg[6]/Q (HIGH)

 There are 64 register/latch pins with no clock driven by root clock pin: i_carfield/i_cheshire_wrap/i_cheshire_soc/i_core_wrap/gen_multicore_hmr.i_cva6_hmr/gen_dmr_logic.gen_dmr_groups[0].i_dmr_ctrl/i_dmr_regs/u_checkpoint_addr/q_reg[7]/Q (HIGH)

 There are 64 register/latch pins with no clock driven by root clock pin: i_carfield/i_cheshire_wrap/i_cheshire_soc/i_core_wrap/gen_multicore_hmr.i_cva6_hmr/gen_dmr_logic.gen_dmr_groups[0].i_dmr_ctrl/i_dmr_regs/u_checkpoint_addr/q_reg[8]/Q (HIGH)

 There are 64 register/latch pins with no clock driven by root clock pin: i_carfield/i_cheshire_wrap/i_cheshire_soc/i_core_wrap/gen_multicore_hmr.i_cva6_hmr/gen_dmr_logic.gen_dmr_groups[0].i_dmr_ctrl/i_dmr_regs/u_checkpoint_addr/q_reg[9]/Q (HIGH)

 There are 64 register/latch pins with no clock driven by root clock pin: i_carfield/i_host_rstgen/i_rstgen_bypass/synch_regs_q_reg[3]/Q (HIGH)

 There are 138 register/latch pins with no clock driven by root clock pin: i_carfield/i_hyperbus_wrap/i_hyperbus/clock_generator.ddr_clk/r_clk0_o_reg/Q (HIGH)


2. checking constant_clock (0)
------------------------------
 There are 0 register/latch pins with constant_clock.


3. checking pulse_width_clock (0)
---------------------------------
 There are 0 register/latch pins which need pulse_width check


4. checking unconstrained_internal_endpoints (474)
--------------------------------------------------
 There are 434 pins that are not constrained for maximum delay. (HIGH)

 There are 40 pins that are not constrained for maximum delay due to constant clock. (MEDIUM)


5. checking no_input_delay (1)
------------------------------
 There is 1 input port with no input delay specified. (HIGH)

 There are 0 input ports with no input delay but user has a false path constraint.


6. checking no_output_delay (1)
-------------------------------
 There is 1 port with no output delay specified. (HIGH)

 There are 0 ports with no output delay but user has a false path constraint

 There are 0 ports with no output delay but with a timing clock defined on it or propagating through it


7. checking multiple_clock (3)
------------------------------
 There are 3 register/latch pins with multiple clocks. (HIGH)


8. checking generated_clocks (0)
--------------------------------
 There are 0 generated clocks that are not connected to a clock source.


9. checking loops (0)
---------------------
 There are 0 combinational loops in the design.


10. checking partial_input_delay (1)
------------------------------------
 There is 1 input port with partial input delay specified. (HIGH)


11. checking partial_output_delay (0)
-------------------------------------
 There are 0 ports with partial output delay specified.


12. checking latch_loops (0)
----------------------------
 There are 0 combinational latch loops in the design through latch input


