
*** Running vivado
    with args -log xlnx_clk_wiz.vds -m64 -product Vivado -mode batch -messageDb vivado.pb -notrace -source xlnx_clk_wiz.tcl


****** Vivado v2020.2 (64-bit)
  **** SW Build 3064766 on Wed Nov 18 09:12:47 MST 2020
  **** IP Build 3064653 on Wed Nov 18 14:17:31 MST 2020
    ** Copyright 1986-2020 Xilinx, Inc. All Rights Reserved.

source xlnx_clk_wiz.tcl -notrace
Command: synth_design -top xlnx_clk_wiz -part xcvu9p-flga2104-2L-e -mode out_of_context
Starting synth_design
Attempting to get a license for feature 'Synthesis' and/or device 'xcvu9p'
INFO: [Common 17-349] Got license for feature 'Synthesis' and/or device 'xcvu9p'
INFO: [Common 17-1540] The version limit for your license is '2026.08' and has expired for new software. A version limit expiration means that, although you may be able to continue to use the current version of tools or IP with this license, you will not be eligible for any updates or new releases.
INFO: [Device 21-403] Loading part xcvu9p-flga2104-2L-e
INFO: [Synth 8-7079] Multithreading enabled for synth_design using a maximum of 4 processes.
INFO: [Synth 8-7078] Launching helper process for spawning children vivado processes
INFO: [Synth 8-7075] Helper process launched with PID 3344100
---------------------------------------------------------------------------------
Starting RTL Elaboration : Time (s): cpu = 00:00:04 ; elapsed = 00:00:05 . Memory (MB): peak = 3084.590 ; gain = 213.688 ; free physical = 777841 ; free virtual = 1485712
---------------------------------------------------------------------------------
INFO: [Synth 8-6157] synthesizing module 'xlnx_clk_wiz' [/data2/fseratini/astral-vcu118-v2/target/xilinx/xilinx_ips/xlnx_clk_wiz/xlnx_clk_wiz.gen/sources_1/ip/xlnx_clk_wiz/xlnx_clk_wiz.v:73]
INFO: [Synth 8-6157] synthesizing module 'xlnx_clk_wiz_clk_wiz' [/data2/fseratini/astral-vcu118-v2/target/xilinx/xilinx_ips/xlnx_clk_wiz/xlnx_clk_wiz.gen/sources_1/ip/xlnx_clk_wiz/xlnx_clk_wiz_clk_wiz.v:71]
INFO: [Synth 8-6157] synthesizing module 'MMCME4_ADV' [/tools/amd/2020.2/Vivado/2020.2/scripts/rt/data/unisim_comp.v:40391]
	Parameter BANDWIDTH bound to: OPTIMIZED - type: string 
	Parameter CLKFBOUT_MULT_F bound to: 24.000000 - type: double 
	Parameter CLKFBOUT_PHASE bound to: 0.000000 - type: double 
	Parameter CLKFBOUT_USE_FINE_PS bound to: FALSE - type: string 
	Parameter CLKIN1_PERIOD bound to: 4.000000 - type: double 
	Parameter CLKIN2_PERIOD bound to: 0.000000 - type: double 
	Parameter CLKOUT0_DIVIDE_F bound to: 12.000000 - type: double 
	Parameter CLKOUT0_DUTY_CYCLE bound to: 0.500000 - type: double 
	Parameter CLKOUT0_PHASE bound to: 0.000000 - type: double 
	Parameter CLKOUT0_USE_FINE_PS bound to: FALSE - type: string 
	Parameter CLKOUT1_DIVIDE bound to: 24 - type: integer 
	Parameter CLKOUT1_DUTY_CYCLE bound to: 0.500000 - type: double 
	Parameter CLKOUT1_PHASE bound to: 0.000000 - type: double 
	Parameter CLKOUT1_USE_FINE_PS bound to: FALSE - type: string 
	Parameter CLKOUT2_DIVIDE bound to: 60 - type: integer 
	Parameter CLKOUT2_DUTY_CYCLE bound to: 0.500000 - type: double 
	Parameter CLKOUT2_PHASE bound to: 0.000000 - type: double 
	Parameter CLKOUT2_USE_FINE_PS bound to: FALSE - type: string 
	Parameter CLKOUT3_DIVIDE bound to: 120 - type: integer 
	Parameter CLKOUT3_DUTY_CYCLE bound to: 0.500000 - type: double 
	Parameter CLKOUT3_PHASE bound to: 0.000000 - type: double 
	Parameter CLKOUT3_USE_FINE_PS bound to: FALSE - type: string 
	Parameter CLKOUT4_CASCADE bound to: FALSE - type: string 
	Parameter CLKOUT4_DIVIDE bound to: 1 - type: integer 
	Parameter CLKOUT4_DUTY_CYCLE bound to: 0.500000 - type: double 
	Parameter CLKOUT4_PHASE bound to: 0.000000 - type: double 
	Parameter CLKOUT4_USE_FINE_PS bound to: FALSE - type: string 
	Parameter CLKOUT5_DIVIDE bound to: 1 - type: integer 
	Parameter CLKOUT5_DUTY_CYCLE bound to: 0.500000 - type: double 
	Parameter CLKOUT5_PHASE bound to: 0.000000 - type: double 
	Parameter CLKOUT5_USE_FINE_PS bound to: FALSE - type: string 
	Parameter CLKOUT6_DIVIDE bound to: 1 - type: integer 
	Parameter CLKOUT6_DUTY_CYCLE bound to: 0.500000 - type: double 
	Parameter CLKOUT6_PHASE bound to: 0.000000 - type: double 
	Parameter CLKOUT6_USE_FINE_PS bound to: FALSE - type: string 
	Parameter COMPENSATION bound to: AUTO - type: string 
	Parameter DIVCLK_DIVIDE bound to: 5 - type: integer 
	Parameter IS_CLKFBIN_INVERTED bound to: 1'b0 
	Parameter IS_CLKIN1_INVERTED bound to: 1'b0 
	Parameter IS_CLKIN2_INVERTED bound to: 1'b0 
	Parameter IS_CLKINSEL_INVERTED bound to: 1'b0 
	Parameter IS_PSEN_INVERTED bound to: 1'b0 
	Parameter IS_PSINCDEC_INVERTED bound to: 1'b0 
	Parameter IS_PWRDWN_INVERTED bound to: 1'b0 
	Parameter IS_RST_INVERTED bound to: 1'b0 
	Parameter REF_JITTER1 bound to: 0.010000 - type: double 
	Parameter REF_JITTER2 bound to: 0.010000 - type: double 
	Parameter SS_EN bound to: FALSE - type: string 
	Parameter SS_MODE bound to: CENTER_HIGH - type: string 
	Parameter SS_MOD_PERIOD bound to: 10000 - type: integer 
	Parameter STARTUP_WAIT bound to: FALSE - type: string 
INFO: [Synth 8-6155] done synthesizing module 'MMCME4_ADV' (1#1) [/tools/amd/2020.2/Vivado/2020.2/scripts/rt/data/unisim_comp.v:40391]
INFO: [Synth 8-6157] synthesizing module 'BUFG' [/tools/amd/2020.2/Vivado/2020.2/scripts/rt/data/unisim_comp.v:1083]
INFO: [Synth 8-6155] done synthesizing module 'BUFG' (2#1) [/tools/amd/2020.2/Vivado/2020.2/scripts/rt/data/unisim_comp.v:1083]
INFO: [Synth 8-6155] done synthesizing module 'xlnx_clk_wiz_clk_wiz' (3#1) [/data2/fseratini/astral-vcu118-v2/target/xilinx/xilinx_ips/xlnx_clk_wiz/xlnx_clk_wiz.gen/sources_1/ip/xlnx_clk_wiz/xlnx_clk_wiz_clk_wiz.v:71]
INFO: [Synth 8-6155] done synthesizing module 'xlnx_clk_wiz' (4#1) [/data2/fseratini/astral-vcu118-v2/target/xilinx/xilinx_ips/xlnx_clk_wiz/xlnx_clk_wiz.gen/sources_1/ip/xlnx_clk_wiz/xlnx_clk_wiz.v:73]
---------------------------------------------------------------------------------
Finished RTL Elaboration : Time (s): cpu = 00:00:05 ; elapsed = 00:00:07 . Memory (MB): peak = 3126.527 ; gain = 255.625 ; free physical = 778536 ; free virtual = 1486423
---------------------------------------------------------------------------------
---------------------------------------------------------------------------------
Start Handling Custom Attributes
---------------------------------------------------------------------------------
---------------------------------------------------------------------------------
Finished Handling Custom Attributes : Time (s): cpu = 00:00:06 ; elapsed = 00:00:07 . Memory (MB): peak = 3143.371 ; gain = 272.469 ; free physical = 778597 ; free virtual = 1486491
---------------------------------------------------------------------------------
---------------------------------------------------------------------------------
Finished RTL Optimization Phase 1 : Time (s): cpu = 00:00:06 ; elapsed = 00:00:07 . Memory (MB): peak = 3143.371 ; gain = 272.469 ; free physical = 778596 ; free virtual = 1486490
---------------------------------------------------------------------------------
Netlist sorting complete. Time (s): cpu = 00:00:00 ; elapsed = 00:00:00 . Memory (MB): peak = 3154.277 ; gain = 0.000 ; free physical = 778594 ; free virtual = 1486488
INFO: [Netlist 29-17] Analyzing 5 Unisim elements for replacement
INFO: [Netlist 29-28] Unisim Transformation completed in 0 CPU seconds
INFO: [Project 1-570] Preparing netlist for logic optimization

Processing XDC Constraints
Initializing timing engine
Parsing XDC File [/data2/fseratini/astral-vcu118-v2/target/xilinx/xilinx_ips/xlnx_clk_wiz/xlnx_clk_wiz.gen/sources_1/ip/xlnx_clk_wiz/xlnx_clk_wiz_ooc.xdc] for cell 'inst'
create_clock: Time (s): cpu = 00:00:05 ; elapsed = 00:00:05 . Memory (MB): peak = 3256.996 ; gain = 0.000 ; free physical = 778309 ; free virtual = 1486257
Finished Parsing XDC File [/data2/fseratini/astral-vcu118-v2/target/xilinx/xilinx_ips/xlnx_clk_wiz/xlnx_clk_wiz.gen/sources_1/ip/xlnx_clk_wiz/xlnx_clk_wiz_ooc.xdc] for cell 'inst'
Parsing XDC File [/data2/fseratini/astral-vcu118-v2/target/xilinx/xilinx_ips/xlnx_clk_wiz/xlnx_clk_wiz.gen/sources_1/ip/xlnx_clk_wiz/xlnx_clk_wiz_board.xdc] for cell 'inst'
Finished Parsing XDC File [/data2/fseratini/astral-vcu118-v2/target/xilinx/xilinx_ips/xlnx_clk_wiz/xlnx_clk_wiz.gen/sources_1/ip/xlnx_clk_wiz/xlnx_clk_wiz_board.xdc] for cell 'inst'
Parsing XDC File [/data2/fseratini/astral-vcu118-v2/target/xilinx/xilinx_ips/xlnx_clk_wiz/xlnx_clk_wiz.gen/sources_1/ip/xlnx_clk_wiz/xlnx_clk_wiz.xdc] for cell 'inst'
Finished Parsing XDC File [/data2/fseratini/astral-vcu118-v2/target/xilinx/xilinx_ips/xlnx_clk_wiz/xlnx_clk_wiz.gen/sources_1/ip/xlnx_clk_wiz/xlnx_clk_wiz.xdc] for cell 'inst'
Parsing XDC File [/data2/fseratini/astral-vcu118-v2/target/xilinx/xilinx_ips/xlnx_clk_wiz/xlnx_clk_wiz.runs/xlnx_clk_wiz_synth_1/dont_touch.xdc]
Finished Parsing XDC File [/data2/fseratini/astral-vcu118-v2/target/xilinx/xilinx_ips/xlnx_clk_wiz/xlnx_clk_wiz.runs/xlnx_clk_wiz_synth_1/dont_touch.xdc]
Parsing XDC File [/data2/fseratini/astral-vcu118-v2/target/xilinx/xilinx_ips/xlnx_clk_wiz/xlnx_clk_wiz.gen/sources_1/ip/xlnx_clk_wiz/xlnx_clk_wiz_late.xdc] for cell 'inst'
Finished Parsing XDC File [/data2/fseratini/astral-vcu118-v2/target/xilinx/xilinx_ips/xlnx_clk_wiz/xlnx_clk_wiz.gen/sources_1/ip/xlnx_clk_wiz/xlnx_clk_wiz_late.xdc] for cell 'inst'
Completed Processing XDC Constraints

Netlist sorting complete. Time (s): cpu = 00:00:00 ; elapsed = 00:00:00 . Memory (MB): peak = 3256.996 ; gain = 0.000 ; free physical = 778309 ; free virtual = 1486258
INFO: [Project 1-111] Unisim Transformation Summary:
  A total of 4 instances were transformed.
  BUFG => BUFGCE: 4 instances

INFO: [Timing 38-2] Deriving generated clocks
Constraint Validation Runtime : Time (s): cpu = 00:00:00.05 ; elapsed = 00:00:00.09 . Memory (MB): peak = 3256.996 ; gain = 0.000 ; free physical = 778308 ; free virtual = 1486256
---------------------------------------------------------------------------------
Finished Constraint Validation : Time (s): cpu = 00:00:18 ; elapsed = 00:00:23 . Memory (MB): peak = 3256.996 ; gain = 386.094 ; free physical = 777829 ; free virtual = 1485789
---------------------------------------------------------------------------------
---------------------------------------------------------------------------------
Start Loading Part and Timing Information
---------------------------------------------------------------------------------
Loading part: xcvu9p-flga2104-2L-e
INFO: [Synth 8-6742] Reading net delay rules and data
---------------------------------------------------------------------------------
Finished Loading Part and Timing Information : Time (s): cpu = 00:00:18 ; elapsed = 00:00:23 . Memory (MB): peak = 3256.996 ; gain = 386.094 ; free physical = 777834 ; free virtual = 1485793
---------------------------------------------------------------------------------
---------------------------------------------------------------------------------
Start Applying 'set_property' XDC Constraints
---------------------------------------------------------------------------------
Applied set_property KEEP_HIERARCHY = SOFT for inst. (constraint file  /data2/fseratini/astral-vcu118-v2/target/xilinx/xilinx_ips/xlnx_clk_wiz/xlnx_clk_wiz.runs/xlnx_clk_wiz_synth_1/dont_touch.xdc, line 9).
---------------------------------------------------------------------------------
Finished applying 'set_property' XDC Constraints : Time (s): cpu = 00:00:18 ; elapsed = 00:00:23 . Memory (MB): peak = 3256.996 ; gain = 386.094 ; free physical = 777838 ; free virtual = 1485797
---------------------------------------------------------------------------------
---------------------------------------------------------------------------------
Finished RTL Optimization Phase 2 : Time (s): cpu = 00:00:18 ; elapsed = 00:00:23 . Memory (MB): peak = 3256.996 ; gain = 386.094 ; free physical = 777857 ; free virtual = 1485817
---------------------------------------------------------------------------------
---------------------------------------------------------------------------------
Start RTL Component Statistics 
---------------------------------------------------------------------------------
Detailed RTL Component Info : 
---------------------------------------------------------------------------------
Finished RTL Component Statistics 
---------------------------------------------------------------------------------
---------------------------------------------------------------------------------
Start Part Resource Summary
---------------------------------------------------------------------------------
Part Resources:
DSPs: 6840 (col length:120)
BRAMs: 4320 (col length: RAMB18 360 RAMB36 180)
---------------------------------------------------------------------------------
Finished Part Resource Summary
---------------------------------------------------------------------------------
---------------------------------------------------------------------------------
Start Cross Boundary and Area Optimization
---------------------------------------------------------------------------------
---------------------------------------------------------------------------------
Finished Cross Boundary and Area Optimization : Time (s): cpu = 00:00:19 ; elapsed = 00:00:24 . Memory (MB): peak = 3256.996 ; gain = 386.094 ; free physical = 777921 ; free virtual = 1485880
---------------------------------------------------------------------------------
---------------------------------------------------------------------------------
Start Applying XDC Timing Constraints
---------------------------------------------------------------------------------
---------------------------------------------------------------------------------
Finished Applying XDC Timing Constraints : Time (s): cpu = 00:00:40 ; elapsed = 00:00:58 . Memory (MB): peak = 3545.863 ; gain = 674.961 ; free physical = 777314 ; free virtual = 1485324
---------------------------------------------------------------------------------
---------------------------------------------------------------------------------
Start Timing Optimization
---------------------------------------------------------------------------------
---------------------------------------------------------------------------------
Finished Timing Optimization : Time (s): cpu = 00:00:40 ; elapsed = 00:00:58 . Memory (MB): peak = 3545.863 ; gain = 674.961 ; free physical = 777314 ; free virtual = 1485323
---------------------------------------------------------------------------------
---------------------------------------------------------------------------------
Start Technology Mapping
---------------------------------------------------------------------------------
---------------------------------------------------------------------------------
Finished Technology Mapping : Time (s): cpu = 00:00:40 ; elapsed = 00:00:58 . Memory (MB): peak = 3565.902 ; gain = 695.000 ; free physical = 777312 ; free virtual = 1485322
---------------------------------------------------------------------------------
---------------------------------------------------------------------------------
Start IO Insertion
---------------------------------------------------------------------------------
---------------------------------------------------------------------------------
Start Flattening Before IO Insertion
---------------------------------------------------------------------------------
---------------------------------------------------------------------------------
Finished Flattening Before IO Insertion
---------------------------------------------------------------------------------
---------------------------------------------------------------------------------
Start Final Netlist Cleanup
---------------------------------------------------------------------------------
---------------------------------------------------------------------------------
Finished Final Netlist Cleanup
---------------------------------------------------------------------------------
---------------------------------------------------------------------------------
Finished IO Insertion : Time (s): cpu = 00:00:43 ; elapsed = 00:01:02 . Memory (MB): peak = 3571.840 ; gain = 700.938 ; free physical = 777177 ; free virtual = 1485211
---------------------------------------------------------------------------------
---------------------------------------------------------------------------------
Start Renaming Generated Instances
---------------------------------------------------------------------------------
---------------------------------------------------------------------------------
Finished Renaming Generated Instances : Time (s): cpu = 00:00:43 ; elapsed = 00:01:02 . Memory (MB): peak = 3571.840 ; gain = 700.938 ; free physical = 777177 ; free virtual = 1485211
---------------------------------------------------------------------------------
---------------------------------------------------------------------------------
Start Rebuilding User Hierarchy
---------------------------------------------------------------------------------
---------------------------------------------------------------------------------
Finished Rebuilding User Hierarchy : Time (s): cpu = 00:00:43 ; elapsed = 00:01:02 . Memory (MB): peak = 3571.840 ; gain = 700.938 ; free physical = 777177 ; free virtual = 1485211
---------------------------------------------------------------------------------
---------------------------------------------------------------------------------
Start Renaming Generated Ports
---------------------------------------------------------------------------------
---------------------------------------------------------------------------------
Finished Renaming Generated Ports : Time (s): cpu = 00:00:43 ; elapsed = 00:01:02 . Memory (MB): peak = 3571.840 ; gain = 700.938 ; free physical = 777177 ; free virtual = 1485211
---------------------------------------------------------------------------------
---------------------------------------------------------------------------------
Start Handling Custom Attributes
---------------------------------------------------------------------------------
---------------------------------------------------------------------------------
Finished Handling Custom Attributes : Time (s): cpu = 00:00:43 ; elapsed = 00:01:02 . Memory (MB): peak = 3571.840 ; gain = 700.938 ; free physical = 777177 ; free virtual = 1485211
---------------------------------------------------------------------------------
---------------------------------------------------------------------------------
Start Renaming Generated Nets
---------------------------------------------------------------------------------
---------------------------------------------------------------------------------
Finished Renaming Generated Nets : Time (s): cpu = 00:00:43 ; elapsed = 00:01:02 . Memory (MB): peak = 3571.840 ; gain = 700.938 ; free physical = 777177 ; free virtual = 1485211
---------------------------------------------------------------------------------
---------------------------------------------------------------------------------
Start Writing Synthesis Report
---------------------------------------------------------------------------------

Report BlackBoxes: 
+-+--------------+----------+
| |BlackBox name |Instances |
+-+--------------+----------+
+-+--------------+----------+

Report Cell Usage: 
+------+-----------+------+
|      |Cell       |Count |
+------+-----------+------+
|1     |BUFG       |     4|
|2     |MMCME4_ADV |     1|
+------+-----------+------+
---------------------------------------------------------------------------------
Finished Writing Synthesis Report : Time (s): cpu = 00:00:43 ; elapsed = 00:01:02 . Memory (MB): peak = 3571.840 ; gain = 700.938 ; free physical = 777177 ; free virtual = 1485211
---------------------------------------------------------------------------------
Synthesis finished with 0 errors, 0 critical warnings and 0 warnings.
Synthesis Optimization Runtime : Time (s): cpu = 00:00:35 ; elapsed = 00:00:52 . Memory (MB): peak = 3571.840 ; gain = 587.312 ; free physical = 777212 ; free virtual = 1485237
Synthesis Optimization Complete : Time (s): cpu = 00:00:43 ; elapsed = 00:01:02 . Memory (MB): peak = 3571.848 ; gain = 700.938 ; free physical = 777212 ; free virtual = 1485238
INFO: [Project 1-571] Translating synthesized netlist
Netlist sorting complete. Time (s): cpu = 00:00:00 ; elapsed = 00:00:00.01 . Memory (MB): peak = 3571.848 ; gain = 0.000 ; free physical = 777202 ; free virtual = 1485230
INFO: [Netlist 29-17] Analyzing 5 Unisim elements for replacement
INFO: [Netlist 29-28] Unisim Transformation completed in 0 CPU seconds
INFO: [Project 1-570] Preparing netlist for logic optimization
INFO: [Opt 31-138] Pushed 0 inverter(s) to 0 load pin(s).
INFO: [Opt 31-326] The CLKFBOUT to CLKFBIN net for instance inst/mmcme4_adv_inst with COMPENSATION=INTERNAL is optimized away to aid design routability
Netlist sorting complete. Time (s): cpu = 00:00:00 ; elapsed = 00:00:00 . Memory (MB): peak = 3639.027 ; gain = 0.000 ; free physical = 777161 ; free virtual = 1485197
INFO: [Project 1-111] Unisim Transformation Summary:
  A total of 4 instances were transformed.
  BUFG => BUFGCE: 4 instances

INFO: [Common 17-83] Releasing license: Synthesis
28 Infos, 0 Warnings, 0 Critical Warnings and 0 Errors encountered.
synth_design completed successfully
synth_design: Time (s): cpu = 00:01:05 ; elapsed = 00:01:30 . Memory (MB): peak = 3639.027 ; gain = 1052.004 ; free physical = 777285 ; free virtual = 1485322
INFO: [Common 17-1381] The checkpoint '/data2/fseratini/astral-vcu118-v2/target/xilinx/xilinx_ips/xlnx_clk_wiz/xlnx_clk_wiz.runs/xlnx_clk_wiz_synth_1/xlnx_clk_wiz.dcp' has been generated.
WARNING: [Common 17-576] 'use_project_ipc' is deprecated. This option is deprecated and no longer used.
INFO: [Coretcl 2-1648] Added synthesis output to IP cache for IP xlnx_clk_wiz, cache-ID = c6c689cc8d8907e6
INFO: [Common 17-1381] The checkpoint '/data2/fseratini/astral-vcu118-v2/target/xilinx/xilinx_ips/xlnx_clk_wiz/xlnx_clk_wiz.runs/xlnx_clk_wiz_synth_1/xlnx_clk_wiz.dcp' has been generated.
INFO: [runtcl-4] Executing : report_utilization -file xlnx_clk_wiz_utilization_synth.rpt -pb xlnx_clk_wiz_utilization_synth.pb
INFO: [Common 17-206] Exiting Vivado at Tue Sep  1 14:19:18 2026...
