#-----------------------------------------------------------
# Vivado v2020.2 (64-bit)
# SW Build 3064766 on Wed Nov 18 09:12:47 MST 2020
# IP Build 3064653 on Wed Nov 18 14:17:31 MST 2020
# Start of session at: Tue Sep  1 14:25:14 2026
# Process ID: 3449259
# Current directory: /data2/fseratini/astral-vcu118-v2/target/xilinx/xilinx_ips/xilinx_rom_bank_8192x40
# Command line: vivado -mode batch -source tcl/run.tcl
# Log file: /data2/fseratini/astral-vcu118-v2/target/xilinx/xilinx_ips/xilinx_rom_bank_8192x40/vivado.log
# Journal file: /data2/fseratini/astral-vcu118-v2/target/xilinx/xilinx_ips/xilinx_rom_bank_8192x40/vivado.jou
#-----------------------------------------------------------
source tcl/run.tcl
# set partNumber $::env(XILINX_PART)
# set boardName  $::env(XILINX_BOARD_LONG)
# set ipName xilinx_rom_bank_8192x40
# create_project $ipName . -force -part $partNumber
# set_property board_part $boardName [current_project]
# create_ip -name dist_mem_gen -vendor xilinx.com -library ip -version 8.0 -module_name $ipName
INFO: [IP_Flow 19-234] Refreshing IP repositories
INFO: [IP_Flow 19-1704] No user IP repositories specified
INFO: [IP_Flow 19-2313] Loaded Vivado IP repository '/tools/amd/2020.2/Vivado/2020.2/data/ip'.
# set_property -dict [list CONFIG.depth {8192} \
#                          CONFIG.data_width {40} \
#                          CONFIG.memory_type {rom} \
#                          CONFIG.input_options {registered} \
#                          CONFIG.output_options {non_registered} \
#                          CONFIG.single_port_output_clock_enable {false} \
#                          CONFIG.default_data {ffffffff} \
#                          CONFIG.coefficient_file {../../../../boot_rom.coe} \
#                     ] [get_ips  $ipName]
# generate_target {instantiation_template} [get_files ./$ipName.srcs/sources_1/ip/$ipName/$ipName.xci]
INFO: [IP_Flow 19-1686] Generating 'Instantiation Template' target for IP 'xilinx_rom_bank_8192x40'...
# generate_target all [get_files ./$ipName.srcs/sources_1/ip/$ipName/$ipName.xci]
INFO: [IP_Flow 19-1686] Generating 'Synthesis' target for IP 'xilinx_rom_bank_8192x40'...
INFO: [IP_Flow 19-1686] Generating 'Simulation' target for IP 'xilinx_rom_bank_8192x40'...
INFO: [IP_Flow 19-1686] Generating 'Change Log' target for IP 'xilinx_rom_bank_8192x40'...
# create_ip_run [get_files -of_objects [get_fileset sources_1] ./$ipName.srcs/sources_1/ip/$ipName/$ipName.xci]
# launch_run -jobs 8 ${ipName}_synth_1
[Tue Sep  1 14:25:35 2026] Launched xilinx_rom_bank_8192x40_synth_1...
Run output will be captured here: /data2/fseratini/astral-vcu118-v2/target/xilinx/xilinx_ips/xilinx_rom_bank_8192x40/xilinx_rom_bank_8192x40.runs/xilinx_rom_bank_8192x40_synth_1/runme.log
# wait_on_run ${ipName}_synth_1
[Tue Sep  1 14:25:36 2026] Waiting for xilinx_rom_bank_8192x40_synth_1 to finish...

*** Running vivado
    with args -log xilinx_rom_bank_8192x40.vds -m64 -product Vivado -mode batch -messageDb vivado.pb -notrace -source xilinx_rom_bank_8192x40.tcl


****** Vivado v2020.2 (64-bit)
  **** SW Build 3064766 on Wed Nov 18 09:12:47 MST 2020
  **** IP Build 3064653 on Wed Nov 18 14:17:31 MST 2020
    ** Copyright 1986-2020 Xilinx, Inc. All Rights Reserved.

source xilinx_rom_bank_8192x40.tcl -notrace
Command: synth_design -top xilinx_rom_bank_8192x40 -part xcvu9p-flga2104-2L-e -mode out_of_context
Starting synth_design
Attempting to get a license for feature 'Synthesis' and/or device 'xcvu9p'
INFO: [Common 17-349] Got license for feature 'Synthesis' and/or device 'xcvu9p'
INFO: [Common 17-1540] The version limit for your license is '2026.08' and has expired for new software. A version limit expiration means that, although you may be able to continue to use the current version of tools or IP with this license, you will not be eligible for any updates or new releases.
INFO: [Device 21-403] Loading part xcvu9p-flga2104-2L-e
INFO: [Synth 8-7079] Multithreading enabled for synth_design using a maximum of 4 processes.
INFO: [Synth 8-7078] Launching helper process for spawning children vivado processes
INFO: [Synth 8-7075] Helper process launched with PID 3462788
---------------------------------------------------------------------------------
Starting RTL Elaboration : Time (s): cpu = 00:00:04 ; elapsed = 00:00:06 . Memory (MB): peak = 3083.586 ; gain = 213.688 ; free physical = 773368 ; free virtual = 1477266
---------------------------------------------------------------------------------
INFO: [Synth 8-638] synthesizing module 'xilinx_rom_bank_8192x40' [/data2/fseratini/astral-vcu118-v2/target/xilinx/xilinx_ips/xilinx_rom_bank_8192x40/xilinx_rom_bank_8192x40.gen/sources_1/ip/xilinx_rom_bank_8192x40/synth/xilinx_rom_bank_8192x40.vhd:67]
	Parameter C_FAMILY bound to: virtexuplus - type: string 
	Parameter C_ADDR_WIDTH bound to: 13 - type: integer 
	Parameter C_DEFAULT_DATA bound to: 11111111111111111111111111111111 - type: string 
	Parameter C_DEPTH bound to: 8192 - type: integer 
	Parameter C_HAS_CLK bound to: 1 - type: integer 
	Parameter C_HAS_D bound to: 0 - type: integer 
	Parameter C_HAS_DPO bound to: 0 - type: integer 
	Parameter C_HAS_DPRA bound to: 0 - type: integer 
	Parameter C_HAS_I_CE bound to: 0 - type: integer 
	Parameter C_HAS_QDPO bound to: 0 - type: integer 
	Parameter C_HAS_QDPO_CE bound to: 0 - type: integer 
	Parameter C_HAS_QDPO_CLK bound to: 0 - type: integer 
	Parameter C_HAS_QDPO_RST bound to: 0 - type: integer 
	Parameter C_HAS_QDPO_SRST bound to: 0 - type: integer 
	Parameter C_HAS_QSPO bound to: 0 - type: integer 
	Parameter C_HAS_QSPO_CE bound to: 0 - type: integer 
	Parameter C_HAS_QSPO_RST bound to: 0 - type: integer 
	Parameter C_HAS_QSPO_SRST bound to: 0 - type: integer 
	Parameter C_HAS_SPO bound to: 1 - type: integer 
	Parameter C_HAS_WE bound to: 0 - type: integer 
	Parameter C_MEM_INIT_FILE bound to: xilinx_rom_bank_8192x40.mif - type: string 
	Parameter C_ELABORATION_DIR bound to: ./ - type: string 
	Parameter C_MEM_TYPE bound to: 0 - type: integer 
	Parameter C_PIPELINE_STAGES bound to: 0 - type: integer 
	Parameter C_QCE_JOINED bound to: 0 - type: integer 
	Parameter C_QUALIFY_WE bound to: 0 - type: integer 
	Parameter C_READ_MIF bound to: 1 - type: integer 
	Parameter C_REG_A_D_INPUTS bound to: 1 - type: integer 
	Parameter C_REG_DPRA_INPUT bound to: 0 - type: integer 
	Parameter C_SYNC_ENABLE bound to: 1 - type: integer 
	Parameter C_WIDTH bound to: 40 - type: integer 
	Parameter C_PARSER_TYPE bound to: 1 - type: integer 
INFO: [Synth 8-3491] module 'dist_mem_gen_v8_0_13' declared at '/data2/fseratini/astral-vcu118-v2/target/xilinx/xilinx_ips/xilinx_rom_bank_8192x40/xilinx_rom_bank_8192x40.gen/sources_1/ip/xilinx_rom_bank_8192x40/hdl/dist_mem_gen_v8_0_vhsyn_rfs.vhd:3237' bound to instance 'U0' of component 'dist_mem_gen_v8_0_13' [/data2/fseratini/astral-vcu118-v2/target/xilinx/xilinx_ips/xilinx_rom_bank_8192x40/xilinx_rom_bank_8192x40.gen/sources_1/ip/xilinx_rom_bank_8192x40/synth/xilinx_rom_bank_8192x40.vhd:133]
INFO: [Synth 8-256] done synthesizing module 'xilinx_rom_bank_8192x40' (4#1) [/data2/fseratini/astral-vcu118-v2/target/xilinx/xilinx_ips/xilinx_rom_bank_8192x40/xilinx_rom_bank_8192x40.gen/sources_1/ip/xilinx_rom_bank_8192x40/synth/xilinx_rom_bank_8192x40.vhd:67]
---------------------------------------------------------------------------------
Finished RTL Elaboration : Time (s): cpu = 00:01:15 ; elapsed = 00:01:19 . Memory (MB): peak = 3901.922 ; gain = 1032.023 ; free physical = 772268 ; free virtual = 1476154
---------------------------------------------------------------------------------
---------------------------------------------------------------------------------
Start Handling Custom Attributes
---------------------------------------------------------------------------------
---------------------------------------------------------------------------------
Finished Handling Custom Attributes : Time (s): cpu = 00:01:16 ; elapsed = 00:01:20 . Memory (MB): peak = 3901.922 ; gain = 1032.023 ; free physical = 772310 ; free virtual = 1476203
---------------------------------------------------------------------------------
---------------------------------------------------------------------------------
Finished RTL Optimization Phase 1 : Time (s): cpu = 00:01:16 ; elapsed = 00:01:20 . Memory (MB): peak = 3901.922 ; gain = 1032.023 ; free physical = 772310 ; free virtual = 1476203
---------------------------------------------------------------------------------
Netlist sorting complete. Time (s): cpu = 00:00:00 ; elapsed = 00:00:00 . Memory (MB): peak = 3901.922 ; gain = 0.000 ; free physical = 772300 ; free virtual = 1476193
INFO: [Project 1-570] Preparing netlist for logic optimization

Processing XDC Constraints
Initializing timing engine
Parsing XDC File [/data2/fseratini/astral-vcu118-v2/target/xilinx/xilinx_ips/xilinx_rom_bank_8192x40/xilinx_rom_bank_8192x40.gen/sources_1/ip/xilinx_rom_bank_8192x40/xilinx_rom_bank_8192x40_ooc.xdc] for cell 'U0'
create_clock: Time (s): cpu = 00:00:05 ; elapsed = 00:00:05 . Memory (MB): peak = 3987.766 ; gain = 0.000 ; free physical = 771666 ; free virtual = 1475765
Finished Parsing XDC File [/data2/fseratini/astral-vcu118-v2/target/xilinx/xilinx_ips/xilinx_rom_bank_8192x40/xilinx_rom_bank_8192x40.gen/sources_1/ip/xilinx_rom_bank_8192x40/xilinx_rom_bank_8192x40_ooc.xdc] for cell 'U0'
Parsing XDC File [/data2/fseratini/astral-vcu118-v2/target/xilinx/xilinx_ips/xilinx_rom_bank_8192x40/xilinx_rom_bank_8192x40.runs/xilinx_rom_bank_8192x40_synth_1/dont_touch.xdc]
Finished Parsing XDC File [/data2/fseratini/astral-vcu118-v2/target/xilinx/xilinx_ips/xilinx_rom_bank_8192x40/xilinx_rom_bank_8192x40.runs/xilinx_rom_bank_8192x40_synth_1/dont_touch.xdc]
Completed Processing XDC Constraints

Netlist sorting complete. Time (s): cpu = 00:00:00 ; elapsed = 00:00:00 . Memory (MB): peak = 3987.766 ; gain = 0.000 ; free physical = 771665 ; free virtual = 1475764
INFO: [Project 1-111] Unisim Transformation Summary:
No Unisim elements were transformed.

Constraint Validation Runtime : Time (s): cpu = 00:00:00.02 ; elapsed = 00:00:00.03 . Memory (MB): peak = 3987.766 ; gain = 0.000 ; free physical = 771662 ; free virtual = 1475763
---------------------------------------------------------------------------------
Finished Constraint Validation : Time (s): cpu = 00:01:28 ; elapsed = 00:01:34 . Memory (MB): peak = 3987.766 ; gain = 1117.867 ; free physical = 772699 ; free virtual = 1476144
---------------------------------------------------------------------------------
---------------------------------------------------------------------------------
Start Loading Part and Timing Information
---------------------------------------------------------------------------------
Loading part: xcvu9p-flga2104-2L-e
INFO: [Synth 8-6742] Reading net delay rules and data
---------------------------------------------------------------------------------
Finished Loading Part and Timing Information : Time (s): cpu = 00:01:28 ; elapsed = 00:01:34 . Memory (MB): peak = 3987.766 ; gain = 1117.867 ; free physical = 772697 ; free virtual = 1476143
---------------------------------------------------------------------------------
---------------------------------------------------------------------------------
Start Applying 'set_property' XDC Constraints
---------------------------------------------------------------------------------
Applied set_property KEEP_HIERARCHY = SOFT for U0. (constraint file  /data2/fseratini/astral-vcu118-v2/target/xilinx/xilinx_ips/xilinx_rom_bank_8192x40/xilinx_rom_bank_8192x40.runs/xilinx_rom_bank_8192x40_synth_1/dont_touch.xdc, line 9).
---------------------------------------------------------------------------------
Finished applying 'set_property' XDC Constraints : Time (s): cpu = 00:01:28 ; elapsed = 00:01:34 . Memory (MB): peak = 3987.766 ; gain = 1117.867 ; free physical = 772687 ; free virtual = 1476138
---------------------------------------------------------------------------------
---------------------------------------------------------------------------------
Finished RTL Optimization Phase 2 : Time (s): cpu = 00:01:33 ; elapsed = 00:01:39 . Memory (MB): peak = 3987.766 ; gain = 1117.867 ; free physical = 771498 ; free virtual = 1475457
---------------------------------------------------------------------------------
---------------------------------------------------------------------------------
Start RTL Component Statistics 
---------------------------------------------------------------------------------
Detailed RTL Component Info : 
+---Registers : 
	               13 Bit    Registers := 1     
---------------------------------------------------------------------------------
Finished RTL Component Statistics 
---------------------------------------------------------------------------------
---------------------------------------------------------------------------------
Start Part Resource Summary
---------------------------------------------------------------------------------
Part Resources:
DSPs: 6840 (col length:120)
BRAMs: 4320 (col length: RAMB18 360 RAMB36 180)
---------------------------------------------------------------------------------
Finished Part Resource Summary
---------------------------------------------------------------------------------
---------------------------------------------------------------------------------
Start Cross Boundary and Area Optimization
---------------------------------------------------------------------------------
---------------------------------------------------------------------------------
Finished Cross Boundary and Area Optimization : Time (s): cpu = 00:02:24 ; elapsed = 00:02:33 . Memory (MB): peak = 5238.461 ; gain = 2368.562 ; free physical = 766158 ; free virtual = 1473992
---------------------------------------------------------------------------------
---------------------------------------------------------------------------------
Start ROM, RAM, DSP, Shift Register and Retiming Reporting
---------------------------------------------------------------------------------

ROM: Preliminary Mapping	Report
+------------+------------+---------------+----------------+
|Module Name | RTL Object | Depth x Width | Implemented As | 
+------------+------------+---------------+----------------+
|rom         | rom[8191]  | 8192x39       | LUT            | 
|rom         | rom[8191]  | 8192x39       | LUT            | 
+------------+------------+---------------+----------------+

---------------------------------------------------------------------------------
Finished ROM, RAM, DSP, Shift Register and Retiming Reporting
---------------------------------------------------------------------------------
---------------------------------------------------------------------------------
Start Applying XDC Timing Constraints
---------------------------------------------------------------------------------
---------------------------------------------------------------------------------
Finished Applying XDC Timing Constraints : Time (s): cpu = 00:02:44 ; elapsed = 00:03:07 . Memory (MB): peak = 5238.461 ; gain = 2368.562 ; free physical = 751984 ; free virtual = 1473906
---------------------------------------------------------------------------------
---------------------------------------------------------------------------------
Start Timing Optimization
---------------------------------------------------------------------------------
---------------------------------------------------------------------------------
Finished Timing Optimization : Time (s): cpu = 00:02:45 ; elapsed = 00:03:08 . Memory (MB): peak = 5238.461 ; gain = 2368.562 ; free physical = 751975 ; free virtual = 1473892
---------------------------------------------------------------------------------
---------------------------------------------------------------------------------
Start Technology Mapping
---------------------------------------------------------------------------------
---------------------------------------------------------------------------------
Finished Technology Mapping : Time (s): cpu = 00:02:46 ; elapsed = 00:03:09 . Memory (MB): peak = 5238.461 ; gain = 2368.562 ; free physical = 751893 ; free virtual = 1473827
---------------------------------------------------------------------------------
---------------------------------------------------------------------------------
Start IO Insertion
---------------------------------------------------------------------------------
---------------------------------------------------------------------------------
Start Flattening Before IO Insertion
---------------------------------------------------------------------------------
---------------------------------------------------------------------------------
Finished Flattening Before IO Insertion
---------------------------------------------------------------------------------
---------------------------------------------------------------------------------
Start Final Netlist Cleanup
---------------------------------------------------------------------------------
---------------------------------------------------------------------------------
Finished Final Netlist Cleanup
---------------------------------------------------------------------------------
---------------------------------------------------------------------------------
Finished IO Insertion : Time (s): cpu = 00:02:49 ; elapsed = 00:03:12 . Memory (MB): peak = 5238.461 ; gain = 2368.562 ; free physical = 751830 ; free virtual = 1473791
---------------------------------------------------------------------------------
---------------------------------------------------------------------------------
Start Renaming Generated Instances
---------------------------------------------------------------------------------
---------------------------------------------------------------------------------
Finished Renaming Generated Instances : Time (s): cpu = 00:02:49 ; elapsed = 00:03:12 . Memory (MB): peak = 5238.461 ; gain = 2368.562 ; free physical = 751830 ; free virtual = 1473791
---------------------------------------------------------------------------------
---------------------------------------------------------------------------------
Start Rebuilding User Hierarchy
---------------------------------------------------------------------------------
---------------------------------------------------------------------------------
Finished Rebuilding User Hierarchy : Time (s): cpu = 00:02:50 ; elapsed = 00:03:13 . Memory (MB): peak = 5238.461 ; gain = 2368.562 ; free physical = 751953 ; free virtual = 1473922
---------------------------------------------------------------------------------
---------------------------------------------------------------------------------
Start Renaming Generated Ports
---------------------------------------------------------------------------------
---------------------------------------------------------------------------------
Finished Renaming Generated Ports : Time (s): cpu = 00:02:50 ; elapsed = 00:03:13 . Memory (MB): peak = 5238.461 ; gain = 2368.562 ; free physical = 751963 ; free virtual = 1473934
---------------------------------------------------------------------------------
---------------------------------------------------------------------------------
Start Handling Custom Attributes
---------------------------------------------------------------------------------
---------------------------------------------------------------------------------
Finished Handling Custom Attributes : Time (s): cpu = 00:02:50 ; elapsed = 00:03:13 . Memory (MB): peak = 5238.461 ; gain = 2368.562 ; free physical = 751957 ; free virtual = 1473931
---------------------------------------------------------------------------------
---------------------------------------------------------------------------------
Start Renaming Generated Nets
---------------------------------------------------------------------------------
---------------------------------------------------------------------------------
Finished Renaming Generated Nets : Time (s): cpu = 00:02:50 ; elapsed = 00:03:13 . Memory (MB): peak = 5238.461 ; gain = 2368.562 ; free physical = 751951 ; free virtual = 1473927
---------------------------------------------------------------------------------
---------------------------------------------------------------------------------
Start Writing Synthesis Report
---------------------------------------------------------------------------------

Report BlackBoxes: 
+-+--------------+----------+
| |BlackBox name |Instances |
+-+--------------+----------+
+-+--------------+----------+

Report Cell Usage: 
+------+------+------+
|      |Cell  |Count |
+------+------+------+
|1     |LUT6  |  5655|
|2     |MUXF7 |  2808|
|3     |MUXF8 |   156|
|4     |FDRE  |   289|
+------+------+------+
---------------------------------------------------------------------------------
Finished Writing Synthesis Report : Time (s): cpu = 00:02:50 ; elapsed = 00:03:13 . Memory (MB): peak = 5238.461 ; gain = 2368.562 ; free physical = 751966 ; free virtual = 1473941
---------------------------------------------------------------------------------
Synthesis finished with 0 errors, 0 critical warnings and 0 warnings.
Synthesis Optimization Runtime : Time (s): cpu = 00:02:43 ; elapsed = 00:03:04 . Memory (MB): peak = 5238.461 ; gain = 2282.719 ; free physical = 751987 ; free virtual = 1473959
Synthesis Optimization Complete : Time (s): cpu = 00:02:50 ; elapsed = 00:03:13 . Memory (MB): peak = 5238.469 ; gain = 2368.562 ; free physical = 751987 ; free virtual = 1473959
INFO: [Project 1-571] Translating synthesized netlist
Netlist sorting complete. Time (s): cpu = 00:00:00.10 ; elapsed = 00:00:00.10 . Memory (MB): peak = 5238.469 ; gain = 0.000 ; free physical = 752090 ; free virtual = 1474006
INFO: [Netlist 29-17] Analyzing 2964 Unisim elements for replacement
INFO: [Netlist 29-28] Unisim Transformation completed in 0 CPU seconds
WARNING: [Netlist 29-101] Netlist 'xilinx_rom_bank_8192x40' is not ideal for floorplanning, since the cellview 'rom' contains a large number of primitives.  Please consider enabling hierarchy in synthesis if you want to do floorplanning.
INFO: [Project 1-570] Preparing netlist for logic optimization
INFO: [Opt 31-138] Pushed 0 inverter(s) to 0 load pin(s).
Netlist sorting complete. Time (s): cpu = 00:00:00 ; elapsed = 00:00:00 . Memory (MB): peak = 5238.469 ; gain = 0.000 ; free physical = 751957 ; free virtual = 1473871
INFO: [Project 1-111] Unisim Transformation Summary:
No Unisim elements were transformed.

INFO: [Common 17-83] Releasing license: Synthesis
19 Infos, 1 Warnings, 0 Critical Warnings and 0 Errors encountered.
synth_design completed successfully
synth_design: Time (s): cpu = 00:03:14 ; elapsed = 00:03:43 . Memory (MB): peak = 5238.469 ; gain = 2651.449 ; free physical = 752057 ; free virtual = 1473980
INFO: [Common 17-1381] The checkpoint '/data2/fseratini/astral-vcu118-v2/target/xilinx/xilinx_ips/xilinx_rom_bank_8192x40/xilinx_rom_bank_8192x40.runs/xilinx_rom_bank_8192x40_synth_1/xilinx_rom_bank_8192x40.dcp' has been generated.
WARNING: [Common 17-576] 'use_project_ipc' is deprecated. This option is deprecated and no longer used.
INFO: [Coretcl 2-1648] Added synthesis output to IP cache for IP xilinx_rom_bank_8192x40, cache-ID = d4824a4f55f76863
INFO: [Coretcl 2-1174] Renamed 3 cell refs.
INFO: [Common 17-1381] The checkpoint '/data2/fseratini/astral-vcu118-v2/target/xilinx/xilinx_ips/xilinx_rom_bank_8192x40/xilinx_rom_bank_8192x40.runs/xilinx_rom_bank_8192x40_synth_1/xilinx_rom_bank_8192x40.dcp' has been generated.
INFO: [runtcl-4] Executing : report_utilization -file xilinx_rom_bank_8192x40_utilization_synth.rpt -pb xilinx_rom_bank_8192x40_utilization_synth.pb
INFO: [Common 17-206] Exiting Vivado at Tue Sep  1 14:29:49 2026...
[Tue Sep  1 14:30:01 2026] xilinx_rom_bank_8192x40_synth_1 finished
wait_on_run: Time (s): cpu = 00:03:40 ; elapsed = 00:04:25 . Memory (MB): peak = 2637.105 ; gain = 0.000 ; free physical = 753313 ; free virtual = 1475330
INFO: [Common 17-206] Exiting Vivado at Tue Sep  1 14:30:01 2026...
